[www.spiceamore.com/index.html]
[backblue.gif]
[fade.gif]
[index.html]
[spiceamore.com/image/catalog/logo.png]
[www.spiceamore.com/catalog/view/javascript/jquery/jquery-2.1.1.min.js]
[www.spiceamore.com/catalog/view/javascript/bootstrap/js/bootstrap.min.js]
[maxcdn.bootstrapcdn.com/font-awesome/4.2.0/css/font-awesome.min.css]
[www.spiceamore.com/catalog/view/javascript/jquery/owl-carousel/owl.carousel.min.css]
[www.spiceamore.com/catalog/view/javascript/jquery/owl-carousel/owl.theme.default.min.css]
[www.spiceamore.com/catalog/view/theme/OPCTM051_02/stylesheet/TemplateTrip/bootstrap.min.css]
[www.spiceamore.com/catalog/view/theme/OPCTM051_02/stylesheet/stylesheet.css]
[www.spiceamore.com/catalog/view/theme/OPCTM051_02/stylesheet/TemplateTrip/ttblogstyle.css]
[www.spiceamore.com/catalog/view/theme/OPCTM051_02/stylesheet/TemplateTrip/category-feature.css]
[www.spiceamore.com/catalog/view/theme/OPCTM051_02/stylesheet/TemplateTrip/newsletter.css]
[www.spiceamore.com/catalog/view/theme/OPCTM051_02/stylesheet/TemplateTrip/animate.css]
[www.spiceamore.com/catalog/view/theme/OPCTM051_02/stylesheet/TemplateTrip/ttcountdown.css]
[www.spiceamore.com/catalog/view/theme/OPCTM051_02/stylesheet/TemplateTrip/lightbox.css]
[www.spiceamore.com/catalog/view/javascript/jquery/swiper/css/swiper.min.css]
[www.spiceamore.com/catalog/view/javascript/jquery/swiper/css/opencart.css]
[www.spiceamore.com/catalog/view/javascript/common.js]
[www.spiceamore.com/catalog/view/javascript/TemplateTrip/addonScript.js]
[www.spiceamore.com/catalog/view/javascript/TemplateTrip/tt_quickview.js]
[www.spiceamore.com/catalog/view/javascript/TemplateTrip/inview.js]
[www.spiceamore.com/catalog/view/javascript/TemplateTrip/parallex.js]
[www.spiceamore.com/catalog/view/javascript/TemplateTrip/theia-sticky-sidebar.min.js]
[www.spiceamore.com/catalog/view/javascript/TemplateTrip/ResizeSensor.min.js]
[www.spiceamore.com/catalog/view/javascript/TemplateTrip/lightbox-2.6.min.js]
[www.spiceamore.com/catalog/view/javascript/TemplateTrip/waypoints.min.js]
[www.spiceamore.com/catalog/view/javascript/TemplateTrip/bootstrap-notify.min.js]
[www.spiceamore.com/catalog/view/javascript/TemplateTrip/ttcountdown.js]
[www.spiceamore.com/catalog/view/javascript/jquery/owl-carousel/owl.carousel.min.js]
[www.spiceamore.com/image/catalog/cart.png]
[www.spiceamore.com/catalog/view/javascript/jquery/swiper/js/swiper.jquery.js]
[www.spiceamore.com/catalog/view/javascript/TemplateTrip/jquery.bpopup.min.js]
[www.spiceamore.com/catalog/view/javascript/TemplateTrip/jquery.cookie.js]
[www.spiceamore.com/index-2.html]
[www.spiceamore.com/about.html]
[www.spiceamore.com/spices.html]
[www.spiceamore.com/rice.html]
[www.spiceamore.com/fruits.html]
[www.spiceamore.com/nuts.html]
[www.spiceamore.com/services.html]
[www.spiceamore.com/gift.html]
[www.spiceamore.com/contact.html]
[cdnjs.cloudflare.com/ajax/libs/font-awesome/4.7.0/css/font-awesome.min.css]
[www.spiceamore.com/css/style-slider.css]
[www.spiceamore.com/image/cache/catalog/demo/banners/slider-01-1903x950.jpg]
[www.spiceamore.com/image/cache/catalog/demo/banners/slider-02-1903x950.jpg]
[www.spiceamore.com/image/cache/catalog/demo/banners/slider-03-1903x950.jpg]
[www.spiceamore.com/image/cache/catalog/demo/banners/slider-04-1903x950.jpg]
[www.spiceamore.com/image/cache/catalog/demo/banners/categiry-img-03-307x370.png]
[www.spiceamore.com/image/cache/catalog/demo/banners/categiry-img-02-307x370.png]
[www.spiceamore.com/image/cache/catalog/demo/banners/categiry-img-01-307x370.png]
[www.spiceamore.com/image/cache/catalog/demo/banners/categiry-img-04-307x370.png]
[www.spiceamore.com/image/cache/catalog/demo/product/01-800x1040.jpg]
[www.spiceamore.com/indexbb02bb02.html]
[www.spiceamore.com/s7.addthis.com/js/300/addthis_widget.js]
[www.spiceamore.com/image/cache/catalog/demo/product/1.jpg]
[www.spiceamore.com/image/cache/catalog/demo/product/1.png]
[www.spiceamore.com/image/cache/catalog/demo/product/2.jpg]
[www.spiceamore.com/image/cache/catalog/demo/product/3.jpg]
[www.spiceamore.com/image/cache/catalog/demo/product/4.jpg]
[www.spiceamore.com/image/cache/catalog/demo/product/5.jpg]
[www.spiceamore.com/image/cache/catalog/demo/product/6.jpg]
[www.spiceamore.com/image/cache/catalog/demo/product/7.jpg]
[www.spiceamore.com/image/cache/catalog/demo/product/8.jpg]
[www.spiceamore.com/image/cache/catalog/demo/product/9.jpg]
[www.spiceamore.com/image/cache/catalog/demo/product/10.jpg]
[www.spiceamore.com/image/cache/catalog/demo/product/11.jpg]
[www.spiceamore.com/image/cache/catalog/demo/product/12.jpg]
[www.spiceamore.com/image/cache/catalog/demo/product/13.jpg]
[www.spiceamore.com/image/cache/catalog/demo/product/14.jpg]
[www.spiceamore.com/image/cache/catalog/demo/product/15.jpg]
[www.spiceamore.com/image/cache/catalog/demo/product/23.jpg]
[www.spiceamore.com/image/cache/catalog/demo/product/17.jpg]
[www.spiceamore.com/image/cache/catalog/demo/product/18.jpg]
[www.spiceamore.com/image/cache/catalog/demo/product/19.jpg]
[www.spiceamore.com/image/cache/catalog/demo/product/20.jpg]
[www.spiceamore.com/image/cache/catalog/demo/product/21.jpg]
[www.spiceamore.com/image/cache/catalog/demo/product/22.jpg]
[www.spiceamore.com/image/cache/catalog/demo/product/24.jpg]
[www.spiceamore.com/image/cache/catalog/demo/product/25.jpg]
[www.spiceamore.com/image/catalog/demo/banners/parallax.html]
[www.spiceamore.com/image/catalog/demo/banners/service-bg-01.png]
[www.spiceamore.com/image/catalog/demo/banners/service-bg-02.png]
[www.spiceamore.com/image/catalog/demo/banners/service-bg-03.png]
[www.spiceamore.com/image/catalog/demo/banners/service-bg-04.png]
[www.spiceamore.com/image/cache/catalog/demo/product/gift.jpg]
[www.spiceamore.com/image/cache/catalog/demo/product/gift1.jpg]
[www.spiceamore.com/cdn-cgi/l/email-protection.html]
[maxcdn.bootstrapcdn.com/font-awesome/4.5.0/css/font-awesome.min.css]
[www.spiceamore.com/image/catalog/whatsapp.png]
[www.spiceamore.com/cdn-cgi/scripts/5c5dd728/cloudflare-static/email-decode.min.js]
[www.spiceamore.com/image/catalog/demo/banners/loading.gif]
[www.spiceamore.com/index.html]
[maxcdn.bootstrapcdn.com/font-awesome/4.2.0/css/font-awesome.min.css]
[www.spiceamore.com/catalog/view/javascript/jquery/owl-carousel/owl.carousel.min.css]
[www.spiceamore.com/catalog/view/javascript/jquery/owl-carousel/owl.theme.default.min.css]
[www.spiceamore.com/catalog/view/javascript/jquery/owl-carousel/owl.video.play.html]
[www.spiceamore.com/catalog/view/theme/OPCTM051_02/stylesheet/TemplateTrip/fonts/glyphicons-halflings-regular.eot]
[www.spiceamore.com/catalog/view/theme/OPCTM051_02/stylesheet/TemplateTrip/fonts/glyphicons-halflings-regulard41dd41d.eot]
[www.spiceamore.com/catalog/view/theme/OPCTM051_02/stylesheet/fonts/glyphicons-halflings-regular.html]
[www.spiceamore.com/catalog/view/theme/OPCTM051_02/stylesheet/TemplateTrip/fonts/glyphicons-halflings-regular.woff]
[www.spiceamore.com/catalog/view/theme/OPCTM051_02/stylesheet/fonts/glyphicons-halflings-regular-2.html]
[www.spiceamore.com/catalog/view/theme/OPCTM051_02/stylesheet/TemplateTrip/bootstrap.min.css]
[www.spiceamore.com/catalog/view/theme/OPCTM051_02/stylesheet/TemplateTrip/fonts/glyphicons-halflings-regular.svg]
[www.spiceamore.com/catalog/view/theme/OPCTM051_02/stylesheet/TemplateTrip/images/sprite.html]
[www.spiceamore.com/catalog/view/theme/OPCTM051_02/img/ajax-loader.html]
[www.spiceamore.com/catalog/view/theme/OPCTM051_02/stylesheet/TemplateTrip/images/ajax-loader.gif]
[www.spiceamore.com/catalog/view/theme/OPCTM051_02/stylesheet/TemplateTrip/images/separator.png]
[www.spiceamore.com/catalog/view/theme/OPCTM051_02/stylesheet/TemplateTrip/images/checkout-success.png]
[www.spiceamore.com/catalog/view/theme/OPCTM051_02/stylesheet/TemplateTrip/images/account-success.png]
[www.spiceamore.com/catalog/view/theme/OPCTM051_02/stylesheet/TemplateTrip/images/no-compare-products.png]
[www.spiceamore.com/catalog/view/theme/OPCTM051_02/stylesheet/TemplateTrip/images/request-not-found.png]
[www.spiceamore.com/catalog/view/theme/OPCTM051_02/stylesheet/TemplateTrip/images/no-manufacture-products.png]
[www.spiceamore.com/catalog/view/theme/OPCTM051_02/stylesheet/TemplateTrip/images/no-wishlist-products.png]
[www.spiceamore.com/catalog/view/theme/OPCTM051_02/stylesheet/TemplateTrip/images/service-icon1.png]
[www.spiceamore.com/catalog/view/theme/OPCTM051_02/stylesheet/TemplateTrip/images/service-icon2.png]
[www.spiceamore.com/catalog/view/theme/OPCTM051_02/stylesheet/TemplateTrip/images/service-icon3.png]
[www.spiceamore.com/catalog/view/theme/OPCTM051_02/stylesheet/TemplateTrip/images/service-icon4.png]
[www.spiceamore.com/catalog/view/theme/OPCTM051_02/stylesheet/TemplateTrip/images/service-bg-img.png]
[www.spiceamore.com/catalog/view/theme/OPCTM051_02/stylesheet/TemplateTrip/images/follow-us.png]
[www.spiceamore.com/catalog/view/theme/OPCTM051_02/stylesheet/TemplateTrip/images/input-sprite.png]
[www.spiceamore.com/catalog/view/theme/OPCTM051_02/stylesheet/stylesheet.css]
[www.spiceamore.com/catalog/view/theme/OPCTM051_02/stylesheet/TemplateTrip/ttblogstyle.css]
[www.spiceamore.com/catalog/view/theme/OPCTM051_02/stylesheet/TemplateTrip/category-feature.css]
[www.spiceamore.com/catalog/view/theme/OPCTM051_02/stylesheet/TemplateTrip/images/pop.png]
[www.spiceamore.com/catalog/view/theme/OPCTM051_02/stylesheet/TemplateTrip/images/newsletter.jpg]
[www.spiceamore.com/catalog/view/theme/OPCTM051_02/stylesheet/TemplateTrip/newsletter.css]
[www.spiceamore.com/catalog/view/theme/OPCTM051_02/stylesheet/TemplateTrip/animate.css]
[www.spiceamore.com/catalog/view/theme/OPCTM051_02/stylesheet/TemplateTrip/ttcountdown.css]
[www.spiceamore.com/catalog/view/theme/OPCTM051_02/stylesheet/TemplateTrip/lightbox.css]
[www.spiceamore.com/catalog/view/javascript/jquery/swiper/css/swiper.min.css]
[www.spiceamore.com/catalog/view/javascript/jquery/swiper/css/opencart.css]
[www.spiceamore.com/index-2.html]
[www.spiceamore.com/image/cache/catalog/demo/product/01-800x104011.jpg]
[www.spiceamore.com/image/catalog/demo/banners/footer-logo.png]
[www.spiceamore.com/about.html]
[www.spiceamore.com/spices.html]
[www.spiceamore.com/rice.html]
[www.spiceamore.com/image/cache/catalog/demo/product/16.jpg]
[www.spiceamore.com/fruits.html]
[www.spiceamore.com/nuts.html]
[www.spiceamore.com/image/cache/catalog/demo/product/01-800x10401.jpg]
[www.spiceamore.com/services.html]
[www.spiceamore.com/gift.html]
[www.spiceamore.com/contact.html]
[cdnjs.cloudflare.com/ajax/libs/font-awesome/4.7.0/css/font-awesome.min.css]
[www.spiceamore.com/images/letstry-toparrow.png]
[www.spiceamore.com/images/menu-toparrow.png]
[www.spiceamore.com/images/bg-subcribe.jpg]
[www.spiceamore.com/images/slides/slide3.jpg]
[www.spiceamore.com/images/slides/slide7.jpg]
[www.spiceamore.com/images/slides/slide8.jpg]
[www.spiceamore.com/images/slides/slide9.jpg]
[www.spiceamore.com/images/menu-leftarrow.png]
[www.spiceamore.com/css/style-slider.css]
[www.spiceamore.com/indexbb02bb02.html]
[www.spiceamore.com/s7.addthis.com/js/300/addthis_widget.html]
[www.spiceamore.com/image/catalog/demo/banners/parallax.html]
[www.spiceamore.com/cdn-cgi/l/email-protection.html]
[maxcdn.bootstrapcdn.com/font-awesome/4.5.0/css/font-awesome.min.css]
[www.spiceamore.com/catalog/view/javascript/jquery/owl-carousel/owl.video.play.html]
[www.spiceamore.com/catalog/view/theme/OPCTM051_02/stylesheet/fonts/glyphicons-halflings-regular.html]
[www.spiceamore.com/catalog/view/theme/OPCTM051_02/stylesheet/fonts/glyphicons-halflings-regular-2.html]
[www.spiceamore.com/catalog/view/theme/OPCTM051_02/stylesheet/TemplateTrip/fonts/glyphicons-halflings-regular.svg]
[www.spiceamore.com/catalog/view/theme/OPCTM051_02/stylesheet/TemplateTrip/images/sprite.html]
[www.spiceamore.com/catalog/view/theme/OPCTM051_02/img/ajax-loader.html]
[www.spiceamore.com/images/letstry-toparrow.html]
[www.spiceamore.com/images/menu-toparrow.html]
[www.spiceamore.com/images/bg-subcribe.html]
[www.spiceamore.com/images/slides/slide3.html]
[www.spiceamore.com/images/slides/slide7.html]
[www.spiceamore.com/images/slides/slide8.html]
[www.spiceamore.com/images/slides/slide9.html]
[www.spiceamore.com/images/menu-leftarrow.html]
